Analysis & Synthesis report for sequential
Thu Apr 30 23:46:31 2020
Quartus Prime Version 18.1.1 Build 646 04/11/2019 SJ Lite Edition


---------------------
; Table of Contents ;
---------------------
  1. Legal Notice
  2. Analysis & Synthesis Summary
  3. Analysis & Synthesis Settings
  4. Parallel Compilation
  5. Analysis & Synthesis Source Files Read
  6. Analysis & Synthesis Resource Usage Summary
  7. Analysis & Synthesis Resource Utilization by Entity
  8. Analysis & Synthesis DSP Block Usage Summary
  9. State Machine - |sequential|s
 10. User-Specified and Inferred Latches
 11. Registers Removed During Synthesis
 12. General Register Statistics
 13. Post-Synthesis Netlist Statistics for Top Partition
 14. Elapsed Time Per Partition
 15. Analysis & Synthesis Messages
 16. Analysis & Synthesis Suppressed Messages



----------------
; Legal Notice ;
----------------
Copyright (C) 2019  Intel Corporation. All rights reserved.
Your use of Intel Corporation's design tools, logic functions 
and other software and tools, and any partner logic 
functions, and any output files from any of the foregoing 
(including device programming or simulation files), and any 
associated documentation or information are expressly subject 
to the terms and conditions of the Intel Program License 
Subscription Agreement, the Intel Quartus Prime License Agreement,
the Intel FPGA IP License Agreement, or other applicable license
agreement, including, without limitation, that your use is for
the sole purpose of programming logic devices manufactured by
Intel and sold by Intel or its authorized distributors.  Please
refer to the applicable agreement for further details, at
https://fpgasoftware.intel.com/eula.



+-------------------------------------------------------------------------------+
; Analysis & Synthesis Summary                                                  ;
+---------------------------------+---------------------------------------------+
; Analysis & Synthesis Status     ; Successful - Thu Apr 30 23:46:31 2020       ;
; Quartus Prime Version           ; 18.1.1 Build 646 04/11/2019 SJ Lite Edition ;
; Revision Name                   ; sequential                                  ;
; Top-level Entity Name           ; sequential                                  ;
; Family                          ; Cyclone V                                   ;
; Logic utilization (in ALMs)     ; N/A                                         ;
; Total registers                 ; 3                                           ;
; Total pins                      ; 162                                         ;
; Total virtual pins              ; 0                                           ;
; Total block memory bits         ; 0                                           ;
; Total DSP Blocks                ; 2                                           ;
; Total HSSI RX PCSs              ; 0                                           ;
; Total HSSI PMA RX Deserializers ; 0                                           ;
; Total HSSI TX PCSs              ; 0                                           ;
; Total HSSI PMA TX Serializers   ; 0                                           ;
; Total PLLs                      ; 0                                           ;
; Total DLLs                      ; 0                                           ;
+---------------------------------+---------------------------------------------+


+---------------------------------------------------------------------------------------------------------------------------+
; Analysis & Synthesis Settings                                                                                             ;
+---------------------------------------------------------------------------------+--------------------+--------------------+
; Option                                                                          ; Setting            ; Default Value      ;
+---------------------------------------------------------------------------------+--------------------+--------------------+
; Device                                                                          ; 5CGXFC7C7F23C8     ;                    ;
; Top-level entity name                                                           ; sequential         ; sequential         ;
; Family name                                                                     ; Cyclone V          ; Cyclone V          ;
; Use smart compilation                                                           ; Off                ; Off                ;
; Enable parallel Assembler and Timing Analyzer during compilation                ; On                 ; On                 ;
; Enable compact report table                                                     ; Off                ; Off                ;
; Restructure Multiplexers                                                        ; Auto               ; Auto               ;
; MLAB Add Timing Constraints For Mixed-Port Feed-Through Mode Setting Don't Care ; Off                ; Off                ;
; Create Debugging Nodes for IP Cores                                             ; Off                ; Off                ;
; Preserve fewer node names                                                       ; On                 ; On                 ;
; Intel FPGA IP Evaluation Mode                                                   ; Enable             ; Enable             ;
; Verilog Version                                                                 ; Verilog_2001       ; Verilog_2001       ;
; VHDL Version                                                                    ; VHDL_1993          ; VHDL_1993          ;
; State Machine Processing                                                        ; Auto               ; Auto               ;
; Safe State Machine                                                              ; Off                ; Off                ;
; Extract Verilog State Machines                                                  ; On                 ; On                 ;
; Extract VHDL State Machines                                                     ; On                 ; On                 ;
; Ignore Verilog initial constructs                                               ; Off                ; Off                ;
; Iteration limit for constant Verilog loops                                      ; 5000               ; 5000               ;
; Iteration limit for non-constant Verilog loops                                  ; 250                ; 250                ;
; Add Pass-Through Logic to Inferred RAMs                                         ; On                 ; On                 ;
; Infer RAMs from Raw Logic                                                       ; On                 ; On                 ;
; Parallel Synthesis                                                              ; On                 ; On                 ;
; DSP Block Balancing                                                             ; Auto               ; Auto               ;
; NOT Gate Push-Back                                                              ; On                 ; On                 ;
; Power-Up Don't Care                                                             ; On                 ; On                 ;
; Remove Redundant Logic Cells                                                    ; Off                ; Off                ;
; Remove Duplicate Registers                                                      ; On                 ; On                 ;
; Ignore CARRY Buffers                                                            ; Off                ; Off                ;
; Ignore CASCADE Buffers                                                          ; Off                ; Off                ;
; Ignore GLOBAL Buffers                                                           ; Off                ; Off                ;
; Ignore ROW GLOBAL Buffers                                                       ; Off                ; Off                ;
; Ignore LCELL Buffers                                                            ; Off                ; Off                ;
; Ignore SOFT Buffers                                                             ; On                 ; On                 ;
; Limit AHDL Integers to 32 Bits                                                  ; Off                ; Off                ;
; Optimization Technique                                                          ; Balanced           ; Balanced           ;
; Carry Chain Length                                                              ; 70                 ; 70                 ;
; Auto Carry Chains                                                               ; On                 ; On                 ;
; Auto Open-Drain Pins                                                            ; On                 ; On                 ;
; Perform WYSIWYG Primitive Resynthesis                                           ; Off                ; Off                ;
; Auto ROM Replacement                                                            ; On                 ; On                 ;
; Auto RAM Replacement                                                            ; On                 ; On                 ;
; Auto DSP Block Replacement                                                      ; On                 ; On                 ;
; Auto Shift Register Replacement                                                 ; Auto               ; Auto               ;
; Allow Shift Register Merging across Hierarchies                                 ; Auto               ; Auto               ;
; Auto Clock Enable Replacement                                                   ; On                 ; On                 ;
; Strict RAM Replacement                                                          ; Off                ; Off                ;
; Allow Synchronous Control Signals                                               ; On                 ; On                 ;
; Force Use of Synchronous Clear Signals                                          ; Off                ; Off                ;
; Auto Resource Sharing                                                           ; Off                ; Off                ;
; Allow Any RAM Size For Recognition                                              ; Off                ; Off                ;
; Allow Any ROM Size For Recognition                                              ; Off                ; Off                ;
; Allow Any Shift Register Size For Recognition                                   ; Off                ; Off                ;
; Use LogicLock Constraints during Resource Balancing                             ; On                 ; On                 ;
; Ignore translate_off and synthesis_off directives                               ; Off                ; Off                ;
; Timing-Driven Synthesis                                                         ; On                 ; On                 ;
; Report Parameter Settings                                                       ; On                 ; On                 ;
; Report Source Assignments                                                       ; On                 ; On                 ;
; Report Connectivity Checks                                                      ; On                 ; On                 ;
; Ignore Maximum Fan-Out Assignments                                              ; Off                ; Off                ;
; Synchronization Register Chain Length                                           ; 3                  ; 3                  ;
; Power Optimization During Synthesis                                             ; Normal compilation ; Normal compilation ;
; HDL message level                                                               ; Level2             ; Level2             ;
; Suppress Register Optimization Related Messages                                 ; Off                ; Off                ;
; Number of Removed Registers Reported in Synthesis Report                        ; 5000               ; 5000               ;
; Number of Swept Nodes Reported in Synthesis Report                              ; 5000               ; 5000               ;
; Number of Inverted Registers Reported in Synthesis Report                       ; 100                ; 100                ;
; Clock MUX Protection                                                            ; On                 ; On                 ;
; Auto Gated Clock Conversion                                                     ; Off                ; Off                ;
; Block Design Naming                                                             ; Auto               ; Auto               ;
; SDC constraint protection                                                       ; Off                ; Off                ;
; Synthesis Effort                                                                ; Auto               ; Auto               ;
; Shift Register Replacement - Allow Asynchronous Clear Signal                    ; On                 ; On                 ;
; Pre-Mapping Resynthesis Optimization                                            ; Off                ; Off                ;
; Analysis & Synthesis Message Level                                              ; Medium             ; Medium             ;
; Disable Register Merging Across Hierarchies                                     ; Auto               ; Auto               ;
; Resource Aware Inference For Block RAM                                          ; On                 ; On                 ;
; Automatic Parallel Synthesis                                                    ; On                 ; On                 ;
; Partial Reconfiguration Bitstream ID                                            ; Off                ; Off                ;
+---------------------------------------------------------------------------------+--------------------+--------------------+


+------------------------------------------+
; Parallel Compilation                     ;
+----------------------------+-------------+
; Processors                 ; Number      ;
+----------------------------+-------------+
; Number detected on machine ; 8           ;
; Maximum allowed            ; 4           ;
;                            ;             ;
; Average used               ; 1.00        ;
; Maximum used               ; 4           ;
;                            ;             ;
; Usage by Processor         ; % Time Used ;
;     Processor 1            ; 100.0%      ;
;     Processor 2            ;   0.0%      ;
;     Processors 3-4         ;   0.0%      ;
+----------------------------+-------------+


+-----------------------------------------------------------------------------------------------------------------------------------+
; Analysis & Synthesis Source Files Read                                                                                            ;
+----------------------------------+-----------------+------------------------+-------------------------------------------+---------+
; File Name with User-Entered Path ; Used in Netlist ; File Type              ; File Name with Absolute Path              ; Library ;
+----------------------------------+-----------------+------------------------+-------------------------------------------+---------+
; sequential.v                     ; yes             ; User Verilog HDL File  ; D:/intelFPGA_lite/sequential/sequential.v ;         ;
+----------------------------------+-----------------+------------------------+-------------------------------------------+---------+


+------------------------------------------------------+
; Analysis & Synthesis Resource Usage Summary          ;
+---------------------------------------------+--------+
; Resource                                    ; Usage  ;
+---------------------------------------------+--------+
; Estimate of Logic utilization (ALMs needed) ; 138    ;
;                                             ;        ;
; Combinational ALUT usage for logic          ; 275    ;
;     -- 7 input functions                    ; 0      ;
;     -- 6 input functions                    ; 0      ;
;     -- 5 input functions                    ; 0      ;
;     -- 4 input functions                    ; 0      ;
;     -- <=3 input functions                  ; 275    ;
;                                             ;        ;
; Dedicated logic registers                   ; 3      ;
;                                             ;        ;
; I/O pins                                    ; 162    ;
;                                             ;        ;
; Total DSP Blocks                            ; 2      ;
;                                             ;        ;
; Maximum fan-out node                        ; s.0010 ;
; Maximum fan-out                             ; 162    ;
; Total fan-out                               ; 1119   ;
; Average fan-out                             ; 1.85   ;
+---------------------------------------------+--------+


+----------------------------------------------------------------------------------------------------------------------------------------------------------------------------------------+
; Analysis & Synthesis Resource Utilization by Entity                                                                                                                                    ;
+----------------------------+---------------------+---------------------------+-------------------+------------+------+--------------+---------------------+-------------+--------------+
; Compilation Hierarchy Node ; Combinational ALUTs ; Dedicated Logic Registers ; Block Memory Bits ; DSP Blocks ; Pins ; Virtual Pins ; Full Hierarchy Name ; Entity Name ; Library Name ;
+----------------------------+---------------------+---------------------------+-------------------+------------+------+--------------+---------------------+-------------+--------------+
; |sequential                ; 275 (229)           ; 3 (3)                     ; 0                 ; 2          ; 162  ; 0            ; |sequential         ; sequential  ; work         ;
;    |add:u1|                ; 32 (32)             ; 0 (0)                     ; 0                 ; 0          ; 0    ; 0            ; |sequential|add:u1  ; add         ; work         ;
;    |mult:u2|               ; 14 (14)             ; 0 (0)                     ; 0                 ; 2          ; 0    ; 0            ; |sequential|mult:u2 ; mult        ; work         ;
+----------------------------+---------------------+---------------------------+-------------------+------------+------+--------------+---------------------+-------------+--------------+
Note: For table entries with two numbers listed, the numbers in parentheses indicate the number of resources of the given type used by the specific entity alone. The numbers listed outside of parentheses indicate the total resources of the given type used by the specific entity and all of its sub-entities in the hierarchy.


+-----------------------------------------------+
; Analysis & Synthesis DSP Block Usage Summary  ;
+---------------------------------+-------------+
; Statistic                       ; Number Used ;
+---------------------------------+-------------+
; Two Independent 18x18           ; 1           ;
; Sum of two 18x18                ; 1           ;
; Total number of DSP blocks      ; 2           ;
;                                 ;             ;
; Fixed Point Unsigned Multiplier ; 3           ;
+---------------------------------+-------------+


Encoding Type:  One-Hot
+-----------------------------------+
; State Machine - |sequential|s     ;
+--------+--------+--------+--------+
; Name   ; s.0000 ; s.0010 ; s.0001 ;
+--------+--------+--------+--------+
; s.0000 ; 0      ; 0      ; 0      ;
; s.0001 ; 1      ; 0      ; 1      ;
; s.0010 ; 1      ; 1      ; 0      ;
+--------+--------+--------+--------+


+-----------------------------------------------------------------------------------------------------+
; User-Specified and Inferred Latches                                                                 ;
+------------------------------------------------------+---------------------+------------------------+
; Latch Name                                           ; Latch Enable Signal ; Free of Timing Hazards ;
+------------------------------------------------------+---------------------+------------------------+
; out[0]$latch                                         ; s.0010              ; yes                    ;
; out[1]$latch                                         ; s.0010              ; yes                    ;
; out[2]$latch                                         ; s.0010              ; yes                    ;
; out[3]$latch                                         ; s.0010              ; yes                    ;
; out[4]$latch                                         ; s.0010              ; yes                    ;
; out[5]$latch                                         ; s.0010              ; yes                    ;
; out[6]$latch                                         ; s.0010              ; yes                    ;
; out[7]$latch                                         ; s.0010              ; yes                    ;
; out[8]$latch                                         ; s.0010              ; yes                    ;
; out[9]$latch                                         ; s.0010              ; yes                    ;
; out[10]$latch                                        ; s.0010              ; yes                    ;
; out[11]$latch                                        ; s.0010              ; yes                    ;
; out[12]$latch                                        ; s.0010              ; yes                    ;
; out[13]$latch                                        ; s.0010              ; yes                    ;
; out[14]$latch                                        ; s.0010              ; yes                    ;
; out[15]$latch                                        ; s.0010              ; yes                    ;
; out[16]$latch                                        ; s.0010              ; yes                    ;
; out[17]$latch                                        ; s.0010              ; yes                    ;
; out[18]$latch                                        ; s.0010              ; yes                    ;
; out[19]$latch                                        ; s.0010              ; yes                    ;
; out[20]$latch                                        ; s.0010              ; yes                    ;
; out[21]$latch                                        ; s.0010              ; yes                    ;
; out[22]$latch                                        ; s.0010              ; yes                    ;
; out[23]$latch                                        ; s.0010              ; yes                    ;
; out[24]$latch                                        ; s.0010              ; yes                    ;
; out[25]$latch                                        ; s.0010              ; yes                    ;
; out[26]$latch                                        ; s.0010              ; yes                    ;
; out[27]$latch                                        ; s.0010              ; yes                    ;
; out[28]$latch                                        ; s.0010              ; yes                    ;
; out[29]$latch                                        ; s.0010              ; yes                    ;
; out[30]$latch                                        ; s.0010              ; yes                    ;
; out[31]$latch                                        ; s.0010              ; yes                    ;
; e[0]                                                 ; s.0010              ; yes                    ;
; w[0]                                                 ; s.0010              ; yes                    ;
; ns.0010_1565                                         ; s.0010              ; yes                    ;
; e[1]                                                 ; s.0010              ; yes                    ;
; w[1]                                                 ; s.0010              ; yes                    ;
; e[2]                                                 ; s.0010              ; yes                    ;
; w[2]                                                 ; s.0010              ; yes                    ;
; e[3]                                                 ; s.0010              ; yes                    ;
; w[3]                                                 ; s.0010              ; yes                    ;
; e[4]                                                 ; s.0010              ; yes                    ;
; w[4]                                                 ; s.0010              ; yes                    ;
; e[5]                                                 ; s.0010              ; yes                    ;
; w[5]                                                 ; s.0010              ; yes                    ;
; e[6]                                                 ; s.0010              ; yes                    ;
; w[6]                                                 ; s.0010              ; yes                    ;
; w[7]                                                 ; s.0010              ; yes                    ;
; e[7]                                                 ; s.0010              ; yes                    ;
; w[8]                                                 ; s.0010              ; yes                    ;
; e[8]                                                 ; s.0010              ; yes                    ;
; w[9]                                                 ; s.0010              ; yes                    ;
; e[9]                                                 ; s.0010              ; yes                    ;
; w[10]                                                ; s.0010              ; yes                    ;
; e[10]                                                ; s.0010              ; yes                    ;
; w[11]                                                ; s.0010              ; yes                    ;
; e[11]                                                ; s.0010              ; yes                    ;
; w[12]                                                ; s.0010              ; yes                    ;
; e[12]                                                ; s.0010              ; yes                    ;
; w[13]                                                ; s.0010              ; yes                    ;
; e[13]                                                ; s.0010              ; yes                    ;
; w[14]                                                ; s.0010              ; yes                    ;
; e[14]                                                ; s.0010              ; yes                    ;
; w[15]                                                ; s.0010              ; yes                    ;
; e[15]                                                ; s.0010              ; yes                    ;
; w[16]                                                ; s.0010              ; yes                    ;
; e[16]                                                ; s.0010              ; yes                    ;
; w[17]                                                ; s.0010              ; yes                    ;
; e[17]                                                ; s.0010              ; yes                    ;
; w[18]                                                ; s.0010              ; yes                    ;
; e[18]                                                ; s.0010              ; yes                    ;
; w[19]                                                ; s.0010              ; yes                    ;
; e[19]                                                ; s.0010              ; yes                    ;
; w[20]                                                ; s.0010              ; yes                    ;
; e[20]                                                ; s.0010              ; yes                    ;
; w[21]                                                ; s.0010              ; yes                    ;
; e[21]                                                ; s.0010              ; yes                    ;
; w[22]                                                ; s.0010              ; yes                    ;
; e[22]                                                ; s.0010              ; yes                    ;
; w[23]                                                ; s.0010              ; yes                    ;
; e[23]                                                ; s.0010              ; yes                    ;
; w[24]                                                ; s.0010              ; yes                    ;
; e[24]                                                ; s.0010              ; yes                    ;
; w[25]                                                ; s.0010              ; yes                    ;
; e[25]                                                ; s.0010              ; yes                    ;
; w[26]                                                ; s.0010              ; yes                    ;
; e[26]                                                ; s.0010              ; yes                    ;
; w[27]                                                ; s.0010              ; yes                    ;
; e[27]                                                ; s.0010              ; yes                    ;
; w[28]                                                ; s.0010              ; yes                    ;
; e[28]                                                ; s.0010              ; yes                    ;
; w[29]                                                ; s.0010              ; yes                    ;
; e[29]                                                ; s.0010              ; yes                    ;
; w[30]                                                ; s.0010              ; yes                    ;
; e[30]                                                ; s.0010              ; yes                    ;
; w[31]                                                ; s.0010              ; yes                    ;
; e[31]                                                ; s.0010              ; yes                    ;
; y[0]                                                 ; s.0000              ; yes                    ;
; y[1]                                                 ; s.0000              ; yes                    ;
; y[2]                                                 ; s.0000              ; yes                    ;
; Number of user-specified and inferred latches = 162  ;                     ;                        ;
+------------------------------------------------------+---------------------+------------------------+
Table restricted to first 100 entries. Note: All latches listed above may not be present at the end of synthesis due to various synthesis optimizations.


+------------------------------------------------------------+
; Registers Removed During Synthesis                         ;
+---------------------------------------+--------------------+
; Register name                         ; Reason for Removal ;
+---------------------------------------+--------------------+
; s~4                                   ; Lost fanout        ;
; s~5                                   ; Lost fanout        ;
; Total Number of Removed Registers = 2 ;                    ;
+---------------------------------------+--------------------+


+------------------------------------------------------+
; General Register Statistics                          ;
+----------------------------------------------+-------+
; Statistic                                    ; Value ;
+----------------------------------------------+-------+
; Total registers                              ; 3     ;
; Number of registers using Synchronous Clear  ; 0     ;
; Number of registers using Synchronous Load   ; 0     ;
; Number of registers using Asynchronous Clear ; 0     ;
; Number of registers using Asynchronous Load  ; 0     ;
; Number of registers using Clock Enable       ; 0     ;
; Number of registers using Preset             ; 0     ;
+----------------------------------------------+-------+


+-----------------------------------------------------+
; Post-Synthesis Netlist Statistics for Top Partition ;
+-----------------------+-----------------------------+
; Type                  ; Count                       ;
+-----------------------+-----------------------------+
; arriav_ff             ; 3                           ;
;     plain             ; 3                           ;
; arriav_lcell_comb     ; 275                         ;
;     arith             ; 46                          ;
;         2 data inputs ; 46                          ;
;     normal            ; 229                         ;
;         1 data inputs ; 1                           ;
;         2 data inputs ; 2                           ;
;         3 data inputs ; 226                         ;
; arriav_mac            ; 2                           ;
; boundary_port         ; 162                         ;
;                       ;                             ;
; Max LUT depth         ; 5.10                        ;
; Average LUT depth     ; 2.39                        ;
+-----------------------+-----------------------------+


+-------------------------------+
; Elapsed Time Per Partition    ;
+----------------+--------------+
; Partition Name ; Elapsed Time ;
+----------------+--------------+
; Top            ; 00:00:01     ;
+----------------+--------------+


+-------------------------------+
; Analysis & Synthesis Messages ;
+-------------------------------+
Info: *******************************************************************
Info: Running Quartus Prime Analysis & Synthesis
    Info: Version 18.1.1 Build 646 04/11/2019 SJ Lite Edition
    Info: Processing started: Thu Apr 30 23:46:11 2020
Info: Command: quartus_map --read_settings_files=on --write_settings_files=off sequential -c sequential
Warning (18236): Number of processors has not been specified which may cause overloading on shared machines.  Set the global assignment NUM_PARALLEL_PROCESSORS in your QSF to an appropriate value for best performance.
Info (20030): Parallel compilation is enabled and will use 4 of the 4 processors detected
Info (12021): Found 3 design units, including 3 entities, in source file sequential.v
    Info (12023): Found entity 1: sequential File: D:/intelFPGA_lite/sequential/sequential.v Line: 1
    Info (12023): Found entity 2: add File: D:/intelFPGA_lite/sequential/sequential.v Line: 59
    Info (12023): Found entity 3: mult File: D:/intelFPGA_lite/sequential/sequential.v Line: 63
Info (12127): Elaborating entity "sequential" for the top level hierarchy
Warning (10240): Verilog HDL Always Construct warning at sequential.v(29): inferring latch(es) for variable "ns", which holds its previous value in one or more paths through the always construct File: D:/intelFPGA_lite/sequential/sequential.v Line: 29
Warning (10240): Verilog HDL Always Construct warning at sequential.v(29): inferring latch(es) for variable "t", which holds its previous value in one or more paths through the always construct File: D:/intelFPGA_lite/sequential/sequential.v Line: 29
Warning (10240): Verilog HDL Always Construct warning at sequential.v(29): inferring latch(es) for variable "y", which holds its previous value in one or more paths through the always construct File: D:/intelFPGA_lite/sequential/sequential.v Line: 29
Warning (10240): Verilog HDL Always Construct warning at sequential.v(29): inferring latch(es) for variable "u", which holds its previous value in one or more paths through the always construct File: D:/intelFPGA_lite/sequential/sequential.v Line: 29
Warning (10240): Verilog HDL Always Construct warning at sequential.v(29): inferring latch(es) for variable "i", which holds its previous value in one or more paths through the always construct File: D:/intelFPGA_lite/sequential/sequential.v Line: 29
Warning (10240): Verilog HDL Always Construct warning at sequential.v(29): inferring latch(es) for variable "w", which holds its previous value in one or more paths through the always construct File: D:/intelFPGA_lite/sequential/sequential.v Line: 29
Warning (10240): Verilog HDL Always Construct warning at sequential.v(29): inferring latch(es) for variable "e", which holds its previous value in one or more paths through the always construct File: D:/intelFPGA_lite/sequential/sequential.v Line: 29
Warning (10240): Verilog HDL Always Construct warning at sequential.v(29): inferring latch(es) for variable "out", which holds its previous value in one or more paths through the always construct File: D:/intelFPGA_lite/sequential/sequential.v Line: 29
Info (10041): Inferred latch for "out[0]" at sequential.v(29) File: D:/intelFPGA_lite/sequential/sequential.v Line: 29
Info (10041): Inferred latch for "out[1]" at sequential.v(29) File: D:/intelFPGA_lite/sequential/sequential.v Line: 29
Info (10041): Inferred latch for "out[2]" at sequential.v(29) File: D:/intelFPGA_lite/sequential/sequential.v Line: 29
Info (10041): Inferred latch for "out[3]" at sequential.v(29) File: D:/intelFPGA_lite/sequential/sequential.v Line: 29
Info (10041): Inferred latch for "out[4]" at sequential.v(29) File: D:/intelFPGA_lite/sequential/sequential.v Line: 29
Info (10041): Inferred latch for "out[5]" at sequential.v(29) File: D:/intelFPGA_lite/sequential/sequential.v Line: 29
Info (10041): Inferred latch for "out[6]" at sequential.v(29) File: D:/intelFPGA_lite/sequential/sequential.v Line: 29
Info (10041): Inferred latch for "out[7]" at sequential.v(29) File: D:/intelFPGA_lite/sequential/sequential.v Line: 29
Info (10041): Inferred latch for "out[8]" at sequential.v(29) File: D:/intelFPGA_lite/sequential/sequential.v Line: 29
Info (10041): Inferred latch for "out[9]" at sequential.v(29) File: D:/intelFPGA_lite/sequential/sequential.v Line: 29
Info (10041): Inferred latch for "out[10]" at sequential.v(29) File: D:/intelFPGA_lite/sequential/sequential.v Line: 29
Info (10041): Inferred latch for "out[11]" at sequential.v(29) File: D:/intelFPGA_lite/sequential/sequential.v Line: 29
Info (10041): Inferred latch for "out[12]" at sequential.v(29) File: D:/intelFPGA_lite/sequential/sequential.v Line: 29
Info (10041): Inferred latch for "out[13]" at sequential.v(29) File: D:/intelFPGA_lite/sequential/sequential.v Line: 29
Info (10041): Inferred latch for "out[14]" at sequential.v(29) File: D:/intelFPGA_lite/sequential/sequential.v Line: 29
Info (10041): Inferred latch for "out[15]" at sequential.v(29) File: D:/intelFPGA_lite/sequential/sequential.v Line: 29
Info (10041): Inferred latch for "out[16]" at sequential.v(29) File: D:/intelFPGA_lite/sequential/sequential.v Line: 29
Info (10041): Inferred latch for "out[17]" at sequential.v(29) File: D:/intelFPGA_lite/sequential/sequential.v Line: 29
Info (10041): Inferred latch for "out[18]" at sequential.v(29) File: D:/intelFPGA_lite/sequential/sequential.v Line: 29
Info (10041): Inferred latch for "out[19]" at sequential.v(29) File: D:/intelFPGA_lite/sequential/sequential.v Line: 29
Info (10041): Inferred latch for "out[20]" at sequential.v(29) File: D:/intelFPGA_lite/sequential/sequential.v Line: 29
Info (10041): Inferred latch for "out[21]" at sequential.v(29) File: D:/intelFPGA_lite/sequential/sequential.v Line: 29
Info (10041): Inferred latch for "out[22]" at sequential.v(29) File: D:/intelFPGA_lite/sequential/sequential.v Line: 29
Info (10041): Inferred latch for "out[23]" at sequential.v(29) File: D:/intelFPGA_lite/sequential/sequential.v Line: 29
Info (10041): Inferred latch for "out[24]" at sequential.v(29) File: D:/intelFPGA_lite/sequential/sequential.v Line: 29
Info (10041): Inferred latch for "out[25]" at sequential.v(29) File: D:/intelFPGA_lite/sequential/sequential.v Line: 29
Info (10041): Inferred latch for "out[26]" at sequential.v(29) File: D:/intelFPGA_lite/sequential/sequential.v Line: 29
Info (10041): Inferred latch for "out[27]" at sequential.v(29) File: D:/intelFPGA_lite/sequential/sequential.v Line: 29
Info (10041): Inferred latch for "out[28]" at sequential.v(29) File: D:/intelFPGA_lite/sequential/sequential.v Line: 29
Info (10041): Inferred latch for "out[29]" at sequential.v(29) File: D:/intelFPGA_lite/sequential/sequential.v Line: 29
Info (10041): Inferred latch for "out[30]" at sequential.v(29) File: D:/intelFPGA_lite/sequential/sequential.v Line: 29
Info (10041): Inferred latch for "out[31]" at sequential.v(29) File: D:/intelFPGA_lite/sequential/sequential.v Line: 29
Info (10041): Inferred latch for "e[0]" at sequential.v(29) File: D:/intelFPGA_lite/sequential/sequential.v Line: 29
Info (10041): Inferred latch for "e[1]" at sequential.v(29) File: D:/intelFPGA_lite/sequential/sequential.v Line: 29
Info (10041): Inferred latch for "e[2]" at sequential.v(29) File: D:/intelFPGA_lite/sequential/sequential.v Line: 29
Info (10041): Inferred latch for "e[3]" at sequential.v(29) File: D:/intelFPGA_lite/sequential/sequential.v Line: 29
Info (10041): Inferred latch for "e[4]" at sequential.v(29) File: D:/intelFPGA_lite/sequential/sequential.v Line: 29
Info (10041): Inferred latch for "e[5]" at sequential.v(29) File: D:/intelFPGA_lite/sequential/sequential.v Line: 29
Info (10041): Inferred latch for "e[6]" at sequential.v(29) File: D:/intelFPGA_lite/sequential/sequential.v Line: 29
Info (10041): Inferred latch for "e[7]" at sequential.v(29) File: D:/intelFPGA_lite/sequential/sequential.v Line: 29
Info (10041): Inferred latch for "e[8]" at sequential.v(29) File: D:/intelFPGA_lite/sequential/sequential.v Line: 29
Info (10041): Inferred latch for "e[9]" at sequential.v(29) File: D:/intelFPGA_lite/sequential/sequential.v Line: 29
Info (10041): Inferred latch for "e[10]" at sequential.v(29) File: D:/intelFPGA_lite/sequential/sequential.v Line: 29
Info (10041): Inferred latch for "e[11]" at sequential.v(29) File: D:/intelFPGA_lite/sequential/sequential.v Line: 29
Info (10041): Inferred latch for "e[12]" at sequential.v(29) File: D:/intelFPGA_lite/sequential/sequential.v Line: 29
Info (10041): Inferred latch for "e[13]" at sequential.v(29) File: D:/intelFPGA_lite/sequential/sequential.v Line: 29
Info (10041): Inferred latch for "e[14]" at sequential.v(29) File: D:/intelFPGA_lite/sequential/sequential.v Line: 29
Info (10041): Inferred latch for "e[15]" at sequential.v(29) File: D:/intelFPGA_lite/sequential/sequential.v Line: 29
Info (10041): Inferred latch for "e[16]" at sequential.v(29) File: D:/intelFPGA_lite/sequential/sequential.v Line: 29
Info (10041): Inferred latch for "e[17]" at sequential.v(29) File: D:/intelFPGA_lite/sequential/sequential.v Line: 29
Info (10041): Inferred latch for "e[18]" at sequential.v(29) File: D:/intelFPGA_lite/sequential/sequential.v Line: 29
Info (10041): Inferred latch for "e[19]" at sequential.v(29) File: D:/intelFPGA_lite/sequential/sequential.v Line: 29
Info (10041): Inferred latch for "e[20]" at sequential.v(29) File: D:/intelFPGA_lite/sequential/sequential.v Line: 29
Info (10041): Inferred latch for "e[21]" at sequential.v(29) File: D:/intelFPGA_lite/sequential/sequential.v Line: 29
Info (10041): Inferred latch for "e[22]" at sequential.v(29) File: D:/intelFPGA_lite/sequential/sequential.v Line: 29
Info (10041): Inferred latch for "e[23]" at sequential.v(29) File: D:/intelFPGA_lite/sequential/sequential.v Line: 29
Info (10041): Inferred latch for "e[24]" at sequential.v(29) File: D:/intelFPGA_lite/sequential/sequential.v Line: 29
Info (10041): Inferred latch for "e[25]" at sequential.v(29) File: D:/intelFPGA_lite/sequential/sequential.v Line: 29
Info (10041): Inferred latch for "e[26]" at sequential.v(29) File: D:/intelFPGA_lite/sequential/sequential.v Line: 29
Info (10041): Inferred latch for "e[27]" at sequential.v(29) File: D:/intelFPGA_lite/sequential/sequential.v Line: 29
Info (10041): Inferred latch for "e[28]" at sequential.v(29) File: D:/intelFPGA_lite/sequential/sequential.v Line: 29
Info (10041): Inferred latch for "e[29]" at sequential.v(29) File: D:/intelFPGA_lite/sequential/sequential.v Line: 29
Info (10041): Inferred latch for "e[30]" at sequential.v(29) File: D:/intelFPGA_lite/sequential/sequential.v Line: 29
Info (10041): Inferred latch for "e[31]" at sequential.v(29) File: D:/intelFPGA_lite/sequential/sequential.v Line: 29
Info (10041): Inferred latch for "w[0]" at sequential.v(29) File: D:/intelFPGA_lite/sequential/sequential.v Line: 29
Info (10041): Inferred latch for "w[1]" at sequential.v(29) File: D:/intelFPGA_lite/sequential/sequential.v Line: 29
Info (10041): Inferred latch for "w[2]" at sequential.v(29) File: D:/intelFPGA_lite/sequential/sequential.v Line: 29
Info (10041): Inferred latch for "w[3]" at sequential.v(29) File: D:/intelFPGA_lite/sequential/sequential.v Line: 29
Info (10041): Inferred latch for "w[4]" at sequential.v(29) File: D:/intelFPGA_lite/sequential/sequential.v Line: 29
Info (10041): Inferred latch for "w[5]" at sequential.v(29) File: D:/intelFPGA_lite/sequential/sequential.v Line: 29
Info (10041): Inferred latch for "w[6]" at sequential.v(29) File: D:/intelFPGA_lite/sequential/sequential.v Line: 29
Info (10041): Inferred latch for "w[7]" at sequential.v(29) File: D:/intelFPGA_lite/sequential/sequential.v Line: 29
Info (10041): Inferred latch for "w[8]" at sequential.v(29) File: D:/intelFPGA_lite/sequential/sequential.v Line: 29
Info (10041): Inferred latch for "w[9]" at sequential.v(29) File: D:/intelFPGA_lite/sequential/sequential.v Line: 29
Info (10041): Inferred latch for "w[10]" at sequential.v(29) File: D:/intelFPGA_lite/sequential/sequential.v Line: 29
Info (10041): Inferred latch for "w[11]" at sequential.v(29) File: D:/intelFPGA_lite/sequential/sequential.v Line: 29
Info (10041): Inferred latch for "w[12]" at sequential.v(29) File: D:/intelFPGA_lite/sequential/sequential.v Line: 29
Info (10041): Inferred latch for "w[13]" at sequential.v(29) File: D:/intelFPGA_lite/sequential/sequential.v Line: 29
Info (10041): Inferred latch for "w[14]" at sequential.v(29) File: D:/intelFPGA_lite/sequential/sequential.v Line: 29
Info (10041): Inferred latch for "w[15]" at sequential.v(29) File: D:/intelFPGA_lite/sequential/sequential.v Line: 29
Info (10041): Inferred latch for "w[16]" at sequential.v(29) File: D:/intelFPGA_lite/sequential/sequential.v Line: 29
Info (10041): Inferred latch for "w[17]" at sequential.v(29) File: D:/intelFPGA_lite/sequential/sequential.v Line: 29
Info (10041): Inferred latch for "w[18]" at sequential.v(29) File: D:/intelFPGA_lite/sequential/sequential.v Line: 29
Info (10041): Inferred latch for "w[19]" at sequential.v(29) File: D:/intelFPGA_lite/sequential/sequential.v Line: 29
Info (10041): Inferred latch for "w[20]" at sequential.v(29) File: D:/intelFPGA_lite/sequential/sequential.v Line: 29
Info (10041): Inferred latch for "w[21]" at sequential.v(29) File: D:/intelFPGA_lite/sequential/sequential.v Line: 29
Info (10041): Inferred latch for "w[22]" at sequential.v(29) File: D:/intelFPGA_lite/sequential/sequential.v Line: 29
Info (10041): Inferred latch for "w[23]" at sequential.v(29) File: D:/intelFPGA_lite/sequential/sequential.v Line: 29
Info (10041): Inferred latch for "w[24]" at sequential.v(29) File: D:/intelFPGA_lite/sequential/sequential.v Line: 29
Info (10041): Inferred latch for "w[25]" at sequential.v(29) File: D:/intelFPGA_lite/sequential/sequential.v Line: 29
Info (10041): Inferred latch for "w[26]" at sequential.v(29) File: D:/intelFPGA_lite/sequential/sequential.v Line: 29
Info (10041): Inferred latch for "w[27]" at sequential.v(29) File: D:/intelFPGA_lite/sequential/sequential.v Line: 29
Info (10041): Inferred latch for "w[28]" at sequential.v(29) File: D:/intelFPGA_lite/sequential/sequential.v Line: 29
Info (10041): Inferred latch for "w[29]" at sequential.v(29) File: D:/intelFPGA_lite/sequential/sequential.v Line: 29
Info (10041): Inferred latch for "w[30]" at sequential.v(29) File: D:/intelFPGA_lite/sequential/sequential.v Line: 29
Info (10041): Inferred latch for "w[31]" at sequential.v(29) File: D:/intelFPGA_lite/sequential/sequential.v Line: 29
Info (10041): Inferred latch for "y[0]" at sequential.v(29) File: D:/intelFPGA_lite/sequential/sequential.v Line: 29
Info (10041): Inferred latch for "y[1]" at sequential.v(29) File: D:/intelFPGA_lite/sequential/sequential.v Line: 29
Info (10041): Inferred latch for "y[2]" at sequential.v(29) File: D:/intelFPGA_lite/sequential/sequential.v Line: 29
Info (10041): Inferred latch for "y[3]" at sequential.v(29) File: D:/intelFPGA_lite/sequential/sequential.v Line: 29
Info (10041): Inferred latch for "y[4]" at sequential.v(29) File: D:/intelFPGA_lite/sequential/sequential.v Line: 29
Info (10041): Inferred latch for "y[5]" at sequential.v(29) File: D:/intelFPGA_lite/sequential/sequential.v Line: 29
Info (10041): Inferred latch for "y[6]" at sequential.v(29) File: D:/intelFPGA_lite/sequential/sequential.v Line: 29
Info (10041): Inferred latch for "y[7]" at sequential.v(29) File: D:/intelFPGA_lite/sequential/sequential.v Line: 29
Info (10041): Inferred latch for "y[8]" at sequential.v(29) File: D:/intelFPGA_lite/sequential/sequential.v Line: 29
Info (10041): Inferred latch for "y[9]" at sequential.v(29) File: D:/intelFPGA_lite/sequential/sequential.v Line: 29
Info (10041): Inferred latch for "y[10]" at sequential.v(29) File: D:/intelFPGA_lite/sequential/sequential.v Line: 29
Info (10041): Inferred latch for "y[11]" at sequential.v(29) File: D:/intelFPGA_lite/sequential/sequential.v Line: 29
Info (10041): Inferred latch for "y[12]" at sequential.v(29) File: D:/intelFPGA_lite/sequential/sequential.v Line: 29
Info (10041): Inferred latch for "y[13]" at sequential.v(29) File: D:/intelFPGA_lite/sequential/sequential.v Line: 29
Info (10041): Inferred latch for "y[14]" at sequential.v(29) File: D:/intelFPGA_lite/sequential/sequential.v Line: 29
Info (10041): Inferred latch for "y[15]" at sequential.v(29) File: D:/intelFPGA_lite/sequential/sequential.v Line: 29
Info (10041): Inferred latch for "y[16]" at sequential.v(29) File: D:/intelFPGA_lite/sequential/sequential.v Line: 29
Info (10041): Inferred latch for "y[17]" at sequential.v(29) File: D:/intelFPGA_lite/sequential/sequential.v Line: 29
Info (10041): Inferred latch for "y[18]" at sequential.v(29) File: D:/intelFPGA_lite/sequential/sequential.v Line: 29
Info (10041): Inferred latch for "y[19]" at sequential.v(29) File: D:/intelFPGA_lite/sequential/sequential.v Line: 29
Info (10041): Inferred latch for "y[20]" at sequential.v(29) File: D:/intelFPGA_lite/sequential/sequential.v Line: 29
Info (10041): Inferred latch for "y[21]" at sequential.v(29) File: D:/intelFPGA_lite/sequential/sequential.v Line: 29
Info (10041): Inferred latch for "y[22]" at sequential.v(29) File: D:/intelFPGA_lite/sequential/sequential.v Line: 29
Info (10041): Inferred latch for "y[23]" at sequential.v(29) File: D:/intelFPGA_lite/sequential/sequential.v Line: 29
Info (10041): Inferred latch for "y[24]" at sequential.v(29) File: D:/intelFPGA_lite/sequential/sequential.v Line: 29
Info (10041): Inferred latch for "y[25]" at sequential.v(29) File: D:/intelFPGA_lite/sequential/sequential.v Line: 29
Info (10041): Inferred latch for "y[26]" at sequential.v(29) File: D:/intelFPGA_lite/sequential/sequential.v Line: 29
Info (10041): Inferred latch for "y[27]" at sequential.v(29) File: D:/intelFPGA_lite/sequential/sequential.v Line: 29
Info (10041): Inferred latch for "y[28]" at sequential.v(29) File: D:/intelFPGA_lite/sequential/sequential.v Line: 29
Info (10041): Inferred latch for "y[29]" at sequential.v(29) File: D:/intelFPGA_lite/sequential/sequential.v Line: 29
Info (10041): Inferred latch for "y[30]" at sequential.v(29) File: D:/intelFPGA_lite/sequential/sequential.v Line: 29
Info (10041): Inferred latch for "y[31]" at sequential.v(29) File: D:/intelFPGA_lite/sequential/sequential.v Line: 29
Info (10041): Inferred latch for "t[0]" at sequential.v(29) File: D:/intelFPGA_lite/sequential/sequential.v Line: 29
Info (10041): Inferred latch for "t[1]" at sequential.v(29) File: D:/intelFPGA_lite/sequential/sequential.v Line: 29
Info (10041): Inferred latch for "t[2]" at sequential.v(29) File: D:/intelFPGA_lite/sequential/sequential.v Line: 29
Info (10041): Inferred latch for "t[3]" at sequential.v(29) File: D:/intelFPGA_lite/sequential/sequential.v Line: 29
Info (10041): Inferred latch for "t[4]" at sequential.v(29) File: D:/intelFPGA_lite/sequential/sequential.v Line: 29
Info (10041): Inferred latch for "t[5]" at sequential.v(29) File: D:/intelFPGA_lite/sequential/sequential.v Line: 29
Info (10041): Inferred latch for "t[6]" at sequential.v(29) File: D:/intelFPGA_lite/sequential/sequential.v Line: 29
Info (10041): Inferred latch for "t[7]" at sequential.v(29) File: D:/intelFPGA_lite/sequential/sequential.v Line: 29
Info (10041): Inferred latch for "t[8]" at sequential.v(29) File: D:/intelFPGA_lite/sequential/sequential.v Line: 29
Info (10041): Inferred latch for "t[9]" at sequential.v(29) File: D:/intelFPGA_lite/sequential/sequential.v Line: 29
Info (10041): Inferred latch for "t[10]" at sequential.v(29) File: D:/intelFPGA_lite/sequential/sequential.v Line: 29
Info (10041): Inferred latch for "t[11]" at sequential.v(29) File: D:/intelFPGA_lite/sequential/sequential.v Line: 29
Info (10041): Inferred latch for "t[12]" at sequential.v(29) File: D:/intelFPGA_lite/sequential/sequential.v Line: 29
Info (10041): Inferred latch for "t[13]" at sequential.v(29) File: D:/intelFPGA_lite/sequential/sequential.v Line: 29
Info (10041): Inferred latch for "t[14]" at sequential.v(29) File: D:/intelFPGA_lite/sequential/sequential.v Line: 29
Info (10041): Inferred latch for "t[15]" at sequential.v(29) File: D:/intelFPGA_lite/sequential/sequential.v Line: 29
Info (10041): Inferred latch for "t[16]" at sequential.v(29) File: D:/intelFPGA_lite/sequential/sequential.v Line: 29
Info (10041): Inferred latch for "t[17]" at sequential.v(29) File: D:/intelFPGA_lite/sequential/sequential.v Line: 29
Info (10041): Inferred latch for "t[18]" at sequential.v(29) File: D:/intelFPGA_lite/sequential/sequential.v Line: 29
Info (10041): Inferred latch for "t[19]" at sequential.v(29) File: D:/intelFPGA_lite/sequential/sequential.v Line: 29
Info (10041): Inferred latch for "t[20]" at sequential.v(29) File: D:/intelFPGA_lite/sequential/sequential.v Line: 29
Info (10041): Inferred latch for "t[21]" at sequential.v(29) File: D:/intelFPGA_lite/sequential/sequential.v Line: 29
Info (10041): Inferred latch for "t[22]" at sequential.v(29) File: D:/intelFPGA_lite/sequential/sequential.v Line: 29
Info (10041): Inferred latch for "t[23]" at sequential.v(29) File: D:/intelFPGA_lite/sequential/sequential.v Line: 29
Info (10041): Inferred latch for "t[24]" at sequential.v(29) File: D:/intelFPGA_lite/sequential/sequential.v Line: 29
Info (10041): Inferred latch for "t[25]" at sequential.v(29) File: D:/intelFPGA_lite/sequential/sequential.v Line: 29
Info (10041): Inferred latch for "t[26]" at sequential.v(29) File: D:/intelFPGA_lite/sequential/sequential.v Line: 29
Info (10041): Inferred latch for "t[27]" at sequential.v(29) File: D:/intelFPGA_lite/sequential/sequential.v Line: 29
Info (10041): Inferred latch for "t[28]" at sequential.v(29) File: D:/intelFPGA_lite/sequential/sequential.v Line: 29
Info (10041): Inferred latch for "t[29]" at sequential.v(29) File: D:/intelFPGA_lite/sequential/sequential.v Line: 29
Info (10041): Inferred latch for "t[30]" at sequential.v(29) File: D:/intelFPGA_lite/sequential/sequential.v Line: 29
Info (10041): Inferred latch for "t[31]" at sequential.v(29) File: D:/intelFPGA_lite/sequential/sequential.v Line: 29
Info (10041): Inferred latch for "ns.0010" at sequential.v(29) File: D:/intelFPGA_lite/sequential/sequential.v Line: 29
Info (10041): Inferred latch for "ns.0001" at sequential.v(29) File: D:/intelFPGA_lite/sequential/sequential.v Line: 29
Info (12128): Elaborating entity "add" for hierarchy "add:u1" File: D:/intelFPGA_lite/sequential/sequential.v Line: 9
Info (12128): Elaborating entity "mult" for hierarchy "mult:u2" File: D:/intelFPGA_lite/sequential/sequential.v Line: 11
Info (286030): Timing-Driven Synthesis is running
Info (17049): 2 registers lost all their fanouts during netlist optimizations.
Info (144001): Generated suppressed messages file D:/intelFPGA_lite/sequential/output_files/sequential.map.smsg
Info (16010): Generating hard_block partition "hard_block:auto_generated_inst"
    Info (16011): Adding 0 node(s), including 0 DDIO, 0 PLL, 0 transceiver and 0 LCELL
Info (21057): Implemented 439 device resources after synthesis - the final resource count might be different
    Info (21058): Implemented 130 input pins
    Info (21059): Implemented 32 output pins
    Info (21061): Implemented 275 logic cells
    Info (21062): Implemented 2 DSP elements
Info: Quartus Prime Analysis & Synthesis was successful. 0 errors, 9 warnings
    Info: Peak virtual memory: 4842 megabytes
    Info: Processing ended: Thu Apr 30 23:46:31 2020
    Info: Elapsed time: 00:00:20
    Info: Total CPU time (on all processors): 00:00:42


+------------------------------------------+
; Analysis & Synthesis Suppressed Messages ;
+------------------------------------------+
The suppressed messages can be found in D:/intelFPGA_lite/sequential/output_files/sequential.map.smsg.


