Analysis & Synthesis report for pid
Wed Apr 29 11:21:30 2020
Quartus Prime Version 18.1.1 Build 646 04/11/2019 SJ Lite Edition


---------------------
; Table of Contents ;
---------------------
  1. Legal Notice
  2. Analysis & Synthesis Summary
  3. Analysis & Synthesis Settings
  4. Parallel Compilation
  5. Analysis & Synthesis Source Files Read
  6. Analysis & Synthesis Resource Usage Summary
  7. Analysis & Synthesis Resource Utilization by Entity
  8. Analysis & Synthesis DSP Block Usage Summary
  9. Registers Removed During Synthesis
 10. General Register Statistics
 11. Multiplexer Restructuring Statistics (Restructuring Performed)
 12. Parameter Settings for User Entity Instance: Top-level Entity: |pid
 13. Parameter Settings for User Entity Instance: qmult:u2
 14. Parameter Settings for User Entity Instance: qmult:u3
 15. Parameter Settings for Inferred Entity Instance: qmult:u2|lpm_mult:Mult0
 16. Parameter Settings for Inferred Entity Instance: qmult:u2|lpm_add_sub:Add2
 17. Parameter Settings for Inferred Entity Instance: qmult:u3|lpm_mult:Mult0
 18. Parameter Settings for Inferred Entity Instance: qmult:u3|lpm_add_sub:Add2
 19. lpm_mult Parameter Settings by Entity Instance
 20. Port Connectivity Checks: "qmult:u3"
 21. Port Connectivity Checks: "mult:u1"
 22. Post-Synthesis Netlist Statistics for Top Partition
 23. Elapsed Time Per Partition
 24. Analysis & Synthesis Messages
 25. Analysis & Synthesis Suppressed Messages



----------------
; Legal Notice ;
----------------
Copyright (C) 2019  Intel Corporation. All rights reserved.
Your use of Intel Corporation's design tools, logic functions 
and other software and tools, and any partner logic 
functions, and any output files from any of the foregoing 
(including device programming or simulation files), and any 
associated documentation or information are expressly subject 
to the terms and conditions of the Intel Program License 
Subscription Agreement, the Intel Quartus Prime License Agreement,
the Intel FPGA IP License Agreement, or other applicable license
agreement, including, without limitation, that your use is for
the sole purpose of programming logic devices manufactured by
Intel and sold by Intel or its authorized distributors.  Please
refer to the applicable agreement for further details, at
https://fpgasoftware.intel.com/eula.



+----------------------------------------------------------------------------------+
; Analysis & Synthesis Summary                                                     ;
+------------------------------------+---------------------------------------------+
; Analysis & Synthesis Status        ; Successful - Wed Apr 29 11:21:30 2020       ;
; Quartus Prime Version              ; 18.1.1 Build 646 04/11/2019 SJ Lite Edition ;
; Revision Name                      ; pid                                         ;
; Top-level Entity Name              ; pid                                         ;
; Family                             ; Cyclone IV E                                ;
; Total logic elements               ; 425                                         ;
;     Total combinational functions  ; 425                                         ;
;     Dedicated logic registers      ; 96                                          ;
; Total registers                    ; 96                                          ;
; Total pins                         ; 98                                          ;
; Total virtual pins                 ; 0                                           ;
; Total memory bits                  ; 0                                           ;
; Embedded Multiplier 9-bit elements ; 16                                          ;
; Total PLLs                         ; 0                                           ;
+------------------------------------+---------------------------------------------+


+------------------------------------------------------------------------------------------------------------+
; Analysis & Synthesis Settings                                                                              ;
+------------------------------------------------------------------+--------------------+--------------------+
; Option                                                           ; Setting            ; Default Value      ;
+------------------------------------------------------------------+--------------------+--------------------+
; Device                                                           ; EP4CE115F29C7      ;                    ;
; Top-level entity name                                            ; pid                ; pid                ;
; Family name                                                      ; Cyclone IV E       ; Cyclone V          ;
; Use smart compilation                                            ; Off                ; Off                ;
; Enable parallel Assembler and Timing Analyzer during compilation ; On                 ; On                 ;
; Enable compact report table                                      ; Off                ; Off                ;
; Restructure Multiplexers                                         ; Auto               ; Auto               ;
; Create Debugging Nodes for IP Cores                              ; Off                ; Off                ;
; Preserve fewer node names                                        ; On                 ; On                 ;
; Intel FPGA IP Evaluation Mode                                    ; Enable             ; Enable             ;
; Verilog Version                                                  ; Verilog_2001       ; Verilog_2001       ;
; VHDL Version                                                     ; VHDL_1993          ; VHDL_1993          ;
; State Machine Processing                                         ; Auto               ; Auto               ;
; Safe State Machine                                               ; Off                ; Off                ;
; Extract Verilog State Machines                                   ; On                 ; On                 ;
; Extract VHDL State Machines                                      ; On                 ; On                 ;
; Ignore Verilog initial constructs                                ; Off                ; Off                ;
; Iteration limit for constant Verilog loops                       ; 5000               ; 5000               ;
; Iteration limit for non-constant Verilog loops                   ; 250                ; 250                ;
; Add Pass-Through Logic to Inferred RAMs                          ; On                 ; On                 ;
; Infer RAMs from Raw Logic                                        ; On                 ; On                 ;
; Parallel Synthesis                                               ; On                 ; On                 ;
; DSP Block Balancing                                              ; Auto               ; Auto               ;
; NOT Gate Push-Back                                               ; On                 ; On                 ;
; Power-Up Don't Care                                              ; On                 ; On                 ;
; Remove Redundant Logic Cells                                     ; Off                ; Off                ;
; Remove Duplicate Registers                                       ; On                 ; On                 ;
; Ignore CARRY Buffers                                             ; Off                ; Off                ;
; Ignore CASCADE Buffers                                           ; Off                ; Off                ;
; Ignore GLOBAL Buffers                                            ; Off                ; Off                ;
; Ignore ROW GLOBAL Buffers                                        ; Off                ; Off                ;
; Ignore LCELL Buffers                                             ; Off                ; Off                ;
; Ignore SOFT Buffers                                              ; On                 ; On                 ;
; Limit AHDL Integers to 32 Bits                                   ; Off                ; Off                ;
; Optimization Technique                                           ; Balanced           ; Balanced           ;
; Carry Chain Length                                               ; 70                 ; 70                 ;
; Auto Carry Chains                                                ; On                 ; On                 ;
; Auto Open-Drain Pins                                             ; On                 ; On                 ;
; Perform WYSIWYG Primitive Resynthesis                            ; Off                ; Off                ;
; Auto ROM Replacement                                             ; On                 ; On                 ;
; Auto RAM Replacement                                             ; On                 ; On                 ;
; Auto DSP Block Replacement                                       ; On                 ; On                 ;
; Auto Shift Register Replacement                                  ; Auto               ; Auto               ;
; Allow Shift Register Merging across Hierarchies                  ; Auto               ; Auto               ;
; Auto Clock Enable Replacement                                    ; On                 ; On                 ;
; Strict RAM Replacement                                           ; Off                ; Off                ;
; Allow Synchronous Control Signals                                ; On                 ; On                 ;
; Force Use of Synchronous Clear Signals                           ; Off                ; Off                ;
; Auto RAM Block Balancing                                         ; On                 ; On                 ;
; Auto RAM to Logic Cell Conversion                                ; Off                ; Off                ;
; Auto Resource Sharing                                            ; Off                ; Off                ;
; Allow Any RAM Size For Recognition                               ; Off                ; Off                ;
; Allow Any ROM Size For Recognition                               ; Off                ; Off                ;
; Allow Any Shift Register Size For Recognition                    ; Off                ; Off                ;
; Use LogicLock Constraints during Resource Balancing              ; On                 ; On                 ;
; Ignore translate_off and synthesis_off directives                ; Off                ; Off                ;
; Timing-Driven Synthesis                                          ; On                 ; On                 ;
; Report Parameter Settings                                        ; On                 ; On                 ;
; Report Source Assignments                                        ; On                 ; On                 ;
; Report Connectivity Checks                                       ; On                 ; On                 ;
; Ignore Maximum Fan-Out Assignments                               ; Off                ; Off                ;
; Synchronization Register Chain Length                            ; 2                  ; 2                  ;
; Power Optimization During Synthesis                              ; Normal compilation ; Normal compilation ;
; HDL message level                                                ; Level2             ; Level2             ;
; Suppress Register Optimization Related Messages                  ; Off                ; Off                ;
; Number of Removed Registers Reported in Synthesis Report         ; 5000               ; 5000               ;
; Number of Swept Nodes Reported in Synthesis Report               ; 5000               ; 5000               ;
; Number of Inverted Registers Reported in Synthesis Report        ; 100                ; 100                ;
; Clock MUX Protection                                             ; On                 ; On                 ;
; Auto Gated Clock Conversion                                      ; Off                ; Off                ;
; Block Design Naming                                              ; Auto               ; Auto               ;
; SDC constraint protection                                        ; Off                ; Off                ;
; Synthesis Effort                                                 ; Auto               ; Auto               ;
; Shift Register Replacement - Allow Asynchronous Clear Signal     ; On                 ; On                 ;
; Pre-Mapping Resynthesis Optimization                             ; Off                ; Off                ;
; Analysis & Synthesis Message Level                               ; Medium             ; Medium             ;
; Disable Register Merging Across Hierarchies                      ; Auto               ; Auto               ;
; Resource Aware Inference For Block RAM                           ; On                 ; On                 ;
+------------------------------------------------------------------+--------------------+--------------------+


+------------------------------------------+
; Parallel Compilation                     ;
+----------------------------+-------------+
; Processors                 ; Number      ;
+----------------------------+-------------+
; Number detected on machine ; 8           ;
; Maximum allowed            ; 4           ;
;                            ;             ;
; Average used               ; 1.00        ;
; Maximum used               ; 4           ;
;                            ;             ;
; Usage by Processor         ; % Time Used ;
;     Processor 1            ; 100.0%      ;
;     Processor 2            ;   0.1%      ;
;     Processor 3            ;   0.1%      ;
;     Processor 4            ;   0.1%      ;
+----------------------------+-------------+


+------------------------------------------------------------------------------------------------------------------------------------------------------------------------------+
; Analysis & Synthesis Source Files Read                                                                                                                                       ;
+----------------------------------+-----------------+------------------------------+--------------------------------------------------------------------------------+---------+
; File Name with User-Entered Path ; Used in Netlist ; File Type                    ; File Name with Absolute Path                                                   ; Library ;
+----------------------------------+-----------------+------------------------------+--------------------------------------------------------------------------------+---------+
; pid.v                            ; yes             ; User Verilog HDL File        ; D:/intelFPGA_lite/Projects/controller/pid.v                                    ;         ;
; lpm_mult.tdf                     ; yes             ; Megafunction                 ; d:/intelfpga_lite/18.1/quartus/libraries/megafunctions/lpm_mult.tdf            ;         ;
; aglobal181.inc                   ; yes             ; Megafunction                 ; d:/intelfpga_lite/18.1/quartus/libraries/megafunctions/aglobal181.inc          ;         ;
; lpm_add_sub.inc                  ; yes             ; Megafunction                 ; d:/intelfpga_lite/18.1/quartus/libraries/megafunctions/lpm_add_sub.inc         ;         ;
; multcore.inc                     ; yes             ; Megafunction                 ; d:/intelfpga_lite/18.1/quartus/libraries/megafunctions/multcore.inc            ;         ;
; bypassff.inc                     ; yes             ; Megafunction                 ; d:/intelfpga_lite/18.1/quartus/libraries/megafunctions/bypassff.inc            ;         ;
; altshift.inc                     ; yes             ; Megafunction                 ; d:/intelfpga_lite/18.1/quartus/libraries/megafunctions/altshift.inc            ;         ;
; db/mult_8dt.tdf                  ; yes             ; Auto-Generated Megafunction  ; D:/intelFPGA_lite/Projects/controller/db/mult_8dt.tdf                          ;         ;
; lpm_add_sub.tdf                  ; yes             ; Megafunction                 ; d:/intelfpga_lite/18.1/quartus/libraries/megafunctions/lpm_add_sub.tdf         ;         ;
; addcore.inc                      ; yes             ; Megafunction                 ; d:/intelfpga_lite/18.1/quartus/libraries/megafunctions/addcore.inc             ;         ;
; look_add.inc                     ; yes             ; Megafunction                 ; d:/intelfpga_lite/18.1/quartus/libraries/megafunctions/look_add.inc            ;         ;
; alt_stratix_add_sub.inc          ; yes             ; Megafunction                 ; d:/intelfpga_lite/18.1/quartus/libraries/megafunctions/alt_stratix_add_sub.inc ;         ;
; db/add_sub_pvi.tdf               ; yes             ; Auto-Generated Megafunction  ; D:/intelFPGA_lite/Projects/controller/db/add_sub_pvi.tdf                       ;         ;
; db/mult_sgt.tdf                  ; yes             ; Auto-Generated Megafunction  ; D:/intelFPGA_lite/Projects/controller/db/mult_sgt.tdf                          ;         ;
+----------------------------------+-----------------+------------------------------+--------------------------------------------------------------------------------+---------+


+-------------------------------------------------------+
; Analysis & Synthesis Resource Usage Summary           ;
+---------------------------------------------+---------+
; Resource                                    ; Usage   ;
+---------------------------------------------+---------+
; Estimated Total logic elements              ; 425     ;
;                                             ;         ;
; Total combinational functions               ; 425     ;
; Logic element usage by number of LUT inputs ;         ;
;     -- 4 input functions                    ; 49      ;
;     -- 3 input functions                    ; 249     ;
;     -- <=2 input functions                  ; 127     ;
;                                             ;         ;
; Logic elements by mode                      ;         ;
;     -- normal mode                          ; 158     ;
;     -- arithmetic mode                      ; 267     ;
;                                             ;         ;
; Total registers                             ; 96      ;
;     -- Dedicated logic registers            ; 96      ;
;     -- I/O registers                        ; 0       ;
;                                             ;         ;
; I/O pins                                    ; 98      ;
;                                             ;         ;
; Embedded Multiplier 9-bit elements          ; 16      ;
;                                             ;         ;
; Maximum fan-out node                        ; epi[31] ;
; Maximum fan-out                             ; 98      ;
; Total fan-out                               ; 1709    ;
; Average fan-out                             ; 2.33    ;
+---------------------------------------------+---------+


+-----------------------------------------------------------------------------------------------------------------------------------------------------------------------------------------------------------------------------------------------------------+
; Analysis & Synthesis Resource Utilization by Entity                                                                                                                                                                                                       ;
+---------------------------------------+---------------------+---------------------------+-------------+--------------+---------+-----------+------+--------------+-----------------------------------------------------------+-------------+--------------+
; Compilation Hierarchy Node            ; Combinational ALUTs ; Dedicated Logic Registers ; Memory Bits ; DSP Elements ; DSP 9x9 ; DSP 18x18 ; Pins ; Virtual Pins ; Full Hierarchy Name                                       ; Entity Name ; Library Name ;
+---------------------------------------+---------------------+---------------------------+-------------+--------------+---------+-----------+------+--------------+-----------------------------------------------------------+-------------+--------------+
; |pid                                  ; 425 (119)           ; 96 (96)                   ; 0           ; 16           ; 0       ; 8         ; 98   ; 0            ; |pid                                                      ; pid         ; work         ;
;    |qmult:u2|                         ; 137 (0)             ; 0 (0)                     ; 0           ; 8            ; 0       ; 4         ; 0    ; 0            ; |pid|qmult:u2                                             ; qmult       ; work         ;
;       |lpm_add_sub:Add2|              ; 64 (0)              ; 0 (0)                     ; 0           ; 0            ; 0       ; 0         ; 0    ; 0            ; |pid|qmult:u2|lpm_add_sub:Add2                            ; lpm_add_sub ; work         ;
;          |add_sub_pvi:auto_generated| ; 64 (64)             ; 0 (0)                     ; 0           ; 0            ; 0       ; 0         ; 0    ; 0            ; |pid|qmult:u2|lpm_add_sub:Add2|add_sub_pvi:auto_generated ; add_sub_pvi ; work         ;
;       |lpm_mult:Mult0|                ; 73 (0)              ; 0 (0)                     ; 0           ; 8            ; 0       ; 4         ; 0    ; 0            ; |pid|qmult:u2|lpm_mult:Mult0                              ; lpm_mult    ; work         ;
;          |mult_8dt:auto_generated|    ; 73 (73)             ; 0 (0)                     ; 0           ; 8            ; 0       ; 4         ; 0    ; 0            ; |pid|qmult:u2|lpm_mult:Mult0|mult_8dt:auto_generated      ; mult_8dt    ; work         ;
;    |qmult:u3|                         ; 169 (32)            ; 0 (0)                     ; 0           ; 8            ; 0       ; 4         ; 0    ; 0            ; |pid|qmult:u3                                             ; qmult       ; work         ;
;       |lpm_add_sub:Add2|              ; 64 (0)              ; 0 (0)                     ; 0           ; 0            ; 0       ; 0         ; 0    ; 0            ; |pid|qmult:u3|lpm_add_sub:Add2                            ; lpm_add_sub ; work         ;
;          |add_sub_pvi:auto_generated| ; 64 (64)             ; 0 (0)                     ; 0           ; 0            ; 0       ; 0         ; 0    ; 0            ; |pid|qmult:u3|lpm_add_sub:Add2|add_sub_pvi:auto_generated ; add_sub_pvi ; work         ;
;       |lpm_mult:Mult0|                ; 73 (0)              ; 0 (0)                     ; 0           ; 8            ; 0       ; 4         ; 0    ; 0            ; |pid|qmult:u3|lpm_mult:Mult0                              ; lpm_mult    ; work         ;
;          |mult_sgt:auto_generated|    ; 73 (73)             ; 0 (0)                     ; 0           ; 8            ; 0       ; 4         ; 0    ; 0            ; |pid|qmult:u3|lpm_mult:Mult0|mult_sgt:auto_generated      ; mult_sgt    ; work         ;
+---------------------------------------+---------------------+---------------------------+-------------+--------------+---------+-----------+------+--------------+-----------------------------------------------------------+-------------+--------------+
Note: For table entries with two numbers listed, the numbers in parentheses indicate the number of resources of the given type used by the specific entity alone. The numbers listed outside of parentheses indicate the total resources of the given type used by the specific entity and all of its sub-entities in the hierarchy.


+-----------------------------------------------------+
; Analysis & Synthesis DSP Block Usage Summary        ;
+---------------------------------------+-------------+
; Statistic                             ; Number Used ;
+---------------------------------------+-------------+
; Simple Multipliers (9-bit)            ; 0           ;
; Simple Multipliers (18-bit)           ; 8           ;
; Embedded Multiplier Blocks            ; --          ;
; Embedded Multiplier 9-bit elements    ; 16          ;
; Signed Embedded Multipliers           ; 0           ;
; Unsigned Embedded Multipliers         ; 8           ;
; Mixed Sign Embedded Multipliers       ; 0           ;
; Variable Sign Embedded Multipliers    ; 0           ;
; Dedicated Input Shift Register Chains ; 0           ;
+---------------------------------------+-------------+
Note: number of Embedded Multiplier Blocks used is only available after a successful fit.


+--------------------------------------------------------------------------------+
; Registers Removed During Synthesis                                             ;
+---------------------------------------+----------------------------------------+
; Register name                         ; Reason for Removal                     ;
+---------------------------------------+----------------------------------------+
; vc[31]~reg0                           ; Stuck at GND due to stuck port data_in ;
; Total Number of Removed Registers = 1 ;                                        ;
+---------------------------------------+----------------------------------------+


+------------------------------------------------------+
; General Register Statistics                          ;
+----------------------------------------------+-------+
; Statistic                                    ; Value ;
+----------------------------------------------+-------+
; Total registers                              ; 96    ;
; Number of registers using Synchronous Clear  ; 32    ;
; Number of registers using Synchronous Load   ; 0     ;
; Number of registers using Asynchronous Clear ; 0     ;
; Number of registers using Asynchronous Load  ; 0     ;
; Number of registers using Clock Enable       ; 31    ;
; Number of registers using Preset             ; 0     ;
+----------------------------------------------+-------+


+------------------------------------------------------------------------------------------------------------------------------------------+
; Multiplexer Restructuring Statistics (Restructuring Performed)                                                                           ;
+--------------------+-----------+---------------+----------------------+------------------------+------------+----------------------------+
; Multiplexer Inputs ; Bus Width ; Baseline Area ; Area if Restructured ; Saving if Restructured ; Registered ; Example Multiplexer Output ;
+--------------------+-----------+---------------+----------------------+------------------------+------------+----------------------------+
; 3:1                ; 32 bits   ; 64 LEs        ; 64 LEs               ; 0 LEs                  ; No         ; |pid|vc                    ;
+--------------------+-----------+---------------+----------------------+------------------------+------------+----------------------------+


+---------------------------------------------------------------------+
; Parameter Settings for User Entity Instance: Top-level Entity: |pid ;
+----------------+------------+---------------------------------------+
; Parameter Name ; Value      ; Type                                  ;
+----------------+------------+---------------------------------------+
; Ki             ; 268435456  ; Signed Integer                        ;
; Kp             ; 268435456  ; Signed Integer                        ;
; Vmin           ; 1048576    ; Signed Integer                        ;
; Vmax           ; 1073741824 ; Signed Integer                        ;
+----------------+------------+---------------------------------------+
Note: In order to hide this table in the UI and the text report file, please set the "Show Parameter Settings in Synthesis Report" option in "Analysis and Synthesis Settings -> More Settings" to "Off".


+-------------------------------------------------------+
; Parameter Settings for User Entity Instance: qmult:u2 ;
+----------------+-------+------------------------------+
; Parameter Name ; Value ; Type                         ;
+----------------+-------+------------------------------+
; Q              ; 28    ; Signed Integer               ;
; N              ; 32    ; Signed Integer               ;
+----------------+-------+------------------------------+
Note: In order to hide this table in the UI and the text report file, please set the "Show Parameter Settings in Synthesis Report" option in "Analysis and Synthesis Settings -> More Settings" to "Off".


+-------------------------------------------------------+
; Parameter Settings for User Entity Instance: qmult:u3 ;
+----------------+-------+------------------------------+
; Parameter Name ; Value ; Type                         ;
+----------------+-------+------------------------------+
; Q              ; 28    ; Signed Integer               ;
; N              ; 32    ; Signed Integer               ;
+----------------+-------+------------------------------+
Note: In order to hide this table in the UI and the text report file, please set the "Show Parameter Settings in Synthesis Report" option in "Analysis and Synthesis Settings -> More Settings" to "Off".


+-------------------------------------------------------------------------------------+
; Parameter Settings for Inferred Entity Instance: qmult:u2|lpm_mult:Mult0            ;
+------------------------------------------------+--------------+---------------------+
; Parameter Name                                 ; Value        ; Type                ;
+------------------------------------------------+--------------+---------------------+
; AUTO_CARRY_CHAINS                              ; ON           ; AUTO_CARRY          ;
; IGNORE_CARRY_BUFFERS                           ; OFF          ; IGNORE_CARRY        ;
; AUTO_CASCADE_CHAINS                            ; ON           ; AUTO_CASCADE        ;
; IGNORE_CASCADE_BUFFERS                         ; OFF          ; IGNORE_CASCADE      ;
; LPM_WIDTHA                                     ; 29           ; Untyped             ;
; LPM_WIDTHB                                     ; 31           ; Untyped             ;
; LPM_WIDTHP                                     ; 60           ; Untyped             ;
; LPM_WIDTHR                                     ; 60           ; Untyped             ;
; LPM_WIDTHS                                     ; 1            ; Untyped             ;
; LPM_REPRESENTATION                             ; UNSIGNED     ; Untyped             ;
; LPM_PIPELINE                                   ; 0            ; Untyped             ;
; LATENCY                                        ; 0            ; Untyped             ;
; INPUT_A_IS_CONSTANT                            ; NO           ; Untyped             ;
; INPUT_B_IS_CONSTANT                            ; NO           ; Untyped             ;
; USE_EAB                                        ; OFF          ; Untyped             ;
; MAXIMIZE_SPEED                                 ; 5            ; Untyped             ;
; DEVICE_FAMILY                                  ; Cyclone IV E ; Untyped             ;
; CARRY_CHAIN                                    ; MANUAL       ; Untyped             ;
; APEX20K_TECHNOLOGY_MAPPER                      ; LUT          ; TECH_MAPPER_APEX20K ;
; DEDICATED_MULTIPLIER_CIRCUITRY                 ; AUTO         ; Untyped             ;
; DEDICATED_MULTIPLIER_MIN_INPUT_WIDTH_FOR_AUTO  ; 0            ; Untyped             ;
; DEDICATED_MULTIPLIER_MIN_OUTPUT_WIDTH_FOR_AUTO ; 0            ; Untyped             ;
; CBXI_PARAMETER                                 ; mult_8dt     ; Untyped             ;
; INPUT_A_FIXED_VALUE                            ; Bx           ; Untyped             ;
; INPUT_B_FIXED_VALUE                            ; Bx           ; Untyped             ;
; USE_AHDL_IMPLEMENTATION                        ; OFF          ; Untyped             ;
+------------------------------------------------+--------------+---------------------+
Note: In order to hide this table in the UI and the text report file, please set the "Show Parameter Settings in Synthesis Report" option in "Analysis and Synthesis Settings -> More Settings" to "Off".


+----------------------------------------------------------------------------+
; Parameter Settings for Inferred Entity Instance: qmult:u2|lpm_add_sub:Add2 ;
+------------------------+--------------+------------------------------------+
; Parameter Name         ; Value        ; Type                               ;
+------------------------+--------------+------------------------------------+
; LPM_WIDTH              ; 32           ; Untyped                            ;
; LPM_REPRESENTATION     ; UNSIGNED     ; Untyped                            ;
; LPM_DIRECTION          ; DEFAULT      ; Untyped                            ;
; ONE_INPUT_IS_CONSTANT  ; NO           ; Untyped                            ;
; LPM_PIPELINE           ; 0            ; Untyped                            ;
; MAXIMIZE_SPEED         ; 5            ; Untyped                            ;
; REGISTERED_AT_END      ; 0            ; Untyped                            ;
; OPTIMIZE_FOR_SPEED     ; 5            ; Untyped                            ;
; USE_CS_BUFFERS         ; 1            ; Untyped                            ;
; CARRY_CHAIN            ; MANUAL       ; Untyped                            ;
; CARRY_CHAIN_LENGTH     ; 48           ; CARRY_CHAIN_LENGTH                 ;
; DEVICE_FAMILY          ; Cyclone IV E ; Untyped                            ;
; USE_WYS                ; OFF          ; Untyped                            ;
; STYLE                  ; FAST         ; Untyped                            ;
; CBXI_PARAMETER         ; add_sub_pvi  ; Untyped                            ;
; AUTO_CARRY_CHAINS      ; ON           ; AUTO_CARRY                         ;
; IGNORE_CARRY_BUFFERS   ; OFF          ; IGNORE_CARRY                       ;
; AUTO_CASCADE_CHAINS    ; ON           ; AUTO_CASCADE                       ;
; IGNORE_CASCADE_BUFFERS ; OFF          ; IGNORE_CASCADE                     ;
+------------------------+--------------+------------------------------------+
Note: In order to hide this table in the UI and the text report file, please set the "Show Parameter Settings in Synthesis Report" option in "Analysis and Synthesis Settings -> More Settings" to "Off".


+-------------------------------------------------------------------------------------+
; Parameter Settings for Inferred Entity Instance: qmult:u3|lpm_mult:Mult0            ;
+------------------------------------------------+--------------+---------------------+
; Parameter Name                                 ; Value        ; Type                ;
+------------------------------------------------+--------------+---------------------+
; AUTO_CARRY_CHAINS                              ; ON           ; AUTO_CARRY          ;
; IGNORE_CARRY_BUFFERS                           ; OFF          ; IGNORE_CARRY        ;
; AUTO_CASCADE_CHAINS                            ; ON           ; AUTO_CASCADE        ;
; IGNORE_CASCADE_BUFFERS                         ; OFF          ; IGNORE_CASCADE      ;
; LPM_WIDTHA                                     ; 29           ; Untyped             ;
; LPM_WIDTHB                                     ; 31           ; Untyped             ;
; LPM_WIDTHP                                     ; 60           ; Untyped             ;
; LPM_WIDTHR                                     ; 60           ; Untyped             ;
; LPM_WIDTHS                                     ; 1            ; Untyped             ;
; LPM_REPRESENTATION                             ; UNSIGNED     ; Untyped             ;
; LPM_PIPELINE                                   ; 0            ; Untyped             ;
; LATENCY                                        ; 0            ; Untyped             ;
; INPUT_A_IS_CONSTANT                            ; YES          ; Untyped             ;
; INPUT_B_IS_CONSTANT                            ; NO           ; Untyped             ;
; USE_EAB                                        ; OFF          ; Untyped             ;
; MAXIMIZE_SPEED                                 ; 5            ; Untyped             ;
; DEVICE_FAMILY                                  ; Cyclone IV E ; Untyped             ;
; CARRY_CHAIN                                    ; MANUAL       ; Untyped             ;
; APEX20K_TECHNOLOGY_MAPPER                      ; LUT          ; TECH_MAPPER_APEX20K ;
; DEDICATED_MULTIPLIER_CIRCUITRY                 ; AUTO         ; Untyped             ;
; DEDICATED_MULTIPLIER_MIN_INPUT_WIDTH_FOR_AUTO  ; 0            ; Untyped             ;
; DEDICATED_MULTIPLIER_MIN_OUTPUT_WIDTH_FOR_AUTO ; 0            ; Untyped             ;
; CBXI_PARAMETER                                 ; mult_sgt     ; Untyped             ;
; INPUT_A_FIXED_VALUE                            ; Bx           ; Untyped             ;
; INPUT_B_FIXED_VALUE                            ; Bx           ; Untyped             ;
; USE_AHDL_IMPLEMENTATION                        ; OFF          ; Untyped             ;
+------------------------------------------------+--------------+---------------------+
Note: In order to hide this table in the UI and the text report file, please set the "Show Parameter Settings in Synthesis Report" option in "Analysis and Synthesis Settings -> More Settings" to "Off".


+----------------------------------------------------------------------------+
; Parameter Settings for Inferred Entity Instance: qmult:u3|lpm_add_sub:Add2 ;
+------------------------+--------------+------------------------------------+
; Parameter Name         ; Value        ; Type                               ;
+------------------------+--------------+------------------------------------+
; LPM_WIDTH              ; 32           ; Untyped                            ;
; LPM_REPRESENTATION     ; UNSIGNED     ; Untyped                            ;
; LPM_DIRECTION          ; DEFAULT      ; Untyped                            ;
; ONE_INPUT_IS_CONSTANT  ; NO           ; Untyped                            ;
; LPM_PIPELINE           ; 0            ; Untyped                            ;
; MAXIMIZE_SPEED         ; 5            ; Untyped                            ;
; REGISTERED_AT_END      ; 0            ; Untyped                            ;
; OPTIMIZE_FOR_SPEED     ; 5            ; Untyped                            ;
; USE_CS_BUFFERS         ; 1            ; Untyped                            ;
; CARRY_CHAIN            ; MANUAL       ; Untyped                            ;
; CARRY_CHAIN_LENGTH     ; 48           ; CARRY_CHAIN_LENGTH                 ;
; DEVICE_FAMILY          ; Cyclone IV E ; Untyped                            ;
; USE_WYS                ; OFF          ; Untyped                            ;
; STYLE                  ; FAST         ; Untyped                            ;
; CBXI_PARAMETER         ; add_sub_pvi  ; Untyped                            ;
; AUTO_CARRY_CHAINS      ; ON           ; AUTO_CARRY                         ;
; IGNORE_CARRY_BUFFERS   ; OFF          ; IGNORE_CARRY                       ;
; AUTO_CASCADE_CHAINS    ; ON           ; AUTO_CASCADE                       ;
; IGNORE_CASCADE_BUFFERS ; OFF          ; IGNORE_CASCADE                     ;
+------------------------+--------------+------------------------------------+
Note: In order to hide this table in the UI and the text report file, please set the "Show Parameter Settings in Synthesis Report" option in "Analysis and Synthesis Settings -> More Settings" to "Off".


+-----------------------------------------------------------------+
; lpm_mult Parameter Settings by Entity Instance                  ;
+---------------------------------------+-------------------------+
; Name                                  ; Value                   ;
+---------------------------------------+-------------------------+
; Number of entity instances            ; 2                       ;
; Entity Instance                       ; qmult:u2|lpm_mult:Mult0 ;
;     -- LPM_WIDTHA                     ; 29                      ;
;     -- LPM_WIDTHB                     ; 31                      ;
;     -- LPM_WIDTHP                     ; 60                      ;
;     -- LPM_REPRESENTATION             ; UNSIGNED                ;
;     -- INPUT_A_IS_CONSTANT            ; NO                      ;
;     -- INPUT_B_IS_CONSTANT            ; NO                      ;
;     -- USE_EAB                        ; OFF                     ;
;     -- DEDICATED_MULTIPLIER_CIRCUITRY ; AUTO                    ;
;     -- INPUT_A_FIXED_VALUE            ; Bx                      ;
;     -- INPUT_B_FIXED_VALUE            ; Bx                      ;
; Entity Instance                       ; qmult:u3|lpm_mult:Mult0 ;
;     -- LPM_WIDTHA                     ; 29                      ;
;     -- LPM_WIDTHB                     ; 31                      ;
;     -- LPM_WIDTHP                     ; 60                      ;
;     -- LPM_REPRESENTATION             ; UNSIGNED                ;
;     -- INPUT_A_IS_CONSTANT            ; YES                     ;
;     -- INPUT_B_IS_CONSTANT            ; NO                      ;
;     -- USE_EAB                        ; OFF                     ;
;     -- DEDICATED_MULTIPLIER_CIRCUITRY ; AUTO                    ;
;     -- INPUT_A_FIXED_VALUE            ; Bx                      ;
;     -- INPUT_B_FIXED_VALUE            ; Bx                      ;
+---------------------------------------+-------------------------+


+----------------------------------------------------------+
; Port Connectivity Checks: "qmult:u3"                     ;
+------------------------+-------+----------+--------------+
; Port                   ; Type  ; Severity ; Details      ;
+------------------------+-------+----------+--------------+
; i_multiplicand[31..29] ; Input ; Info     ; Stuck at GND ;
; i_multiplicand[27..0]  ; Input ; Info     ; Stuck at GND ;
; i_multiplicand[28]     ; Input ; Info     ; Stuck at VCC ;
+------------------------+-------+----------+--------------+


+---------------------------------------------+
; Port Connectivity Checks: "mult:u1"         ;
+-----------+-------+----------+--------------+
; Port      ; Type  ; Severity ; Details      ;
+-----------+-------+----------+--------------+
; a[31..29] ; Input ; Info     ; Stuck at GND ;
; a[27..0]  ; Input ; Info     ; Stuck at GND ;
; a[28]     ; Input ; Info     ; Stuck at VCC ;
+-----------+-------+----------+--------------+


+-----------------------------------------------------+
; Post-Synthesis Netlist Statistics for Top Partition ;
+-----------------------+-----------------------------+
; Type                  ; Count                       ;
+-----------------------+-----------------------------+
; boundary_port         ; 98                          ;
; cycloneiii_ff         ; 96                          ;
;     ENA               ; 31                          ;
;     SCLR              ; 32                          ;
;     plain             ; 33                          ;
; cycloneiii_lcell_comb ; 426                         ;
;     arith             ; 267                         ;
;         2 data inputs ; 22                          ;
;         3 data inputs ; 245                         ;
;     normal            ; 159                         ;
;         0 data inputs ; 3                           ;
;         1 data inputs ; 2                           ;
;         2 data inputs ; 101                         ;
;         3 data inputs ; 4                           ;
;         4 data inputs ; 49                          ;
; cycloneiii_mac_mult   ; 8                           ;
; cycloneiii_mac_out    ; 8                           ;
;                       ;                             ;
; Max LUT depth         ; 16.50                       ;
; Average LUT depth     ; 9.54                        ;
+-----------------------+-----------------------------+


+-------------------------------+
; Elapsed Time Per Partition    ;
+----------------+--------------+
; Partition Name ; Elapsed Time ;
+----------------+--------------+
; Top            ; 00:00:03     ;
+----------------+--------------+


+-------------------------------+
; Analysis & Synthesis Messages ;
+-------------------------------+
Info: *******************************************************************
Info: Running Quartus Prime Analysis & Synthesis
    Info: Version 18.1.1 Build 646 04/11/2019 SJ Lite Edition
    Info: Processing started: Wed Apr 29 11:21:11 2020
Info: Command: quartus_map --read_settings_files=on --write_settings_files=off pid -c pid
Warning (18236): Number of processors has not been specified which may cause overloading on shared machines.  Set the global assignment NUM_PARALLEL_PROCESSORS in your QSF to an appropriate value for best performance.
Info (20030): Parallel compilation is enabled and will use 4 of the 4 processors detected
Info (12021): Found 3 design units, including 3 entities, in source file pid.v
    Info (12023): Found entity 1: pid File: D:/intelFPGA_lite/Projects/controller/pid.v Line: 120
    Info (12023): Found entity 2: mult File: D:/intelFPGA_lite/Projects/controller/pid.v Line: 165
    Info (12023): Found entity 3: qmult File: D:/intelFPGA_lite/Projects/controller/pid.v Line: 171
Info (12127): Elaborating entity "pid" for the top level hierarchy
Info (12128): Elaborating entity "mult" for hierarchy "mult:u1" File: D:/intelFPGA_lite/Projects/controller/pid.v Line: 128
Info (12128): Elaborating entity "qmult" for hierarchy "qmult:u2" File: D:/intelFPGA_lite/Projects/controller/pid.v Line: 129
Warning (10036): Verilog HDL or VHDL warning at pid.v(182): object "ovr" assigned a value but never read File: D:/intelFPGA_lite/Projects/controller/pid.v Line: 182
Warning (10235): Verilog HDL Always Construct warning at pid.v(224): variable "multiplicand" is read inside the Always Construct but isn't in the Always Construct's Event Control File: D:/intelFPGA_lite/Projects/controller/pid.v Line: 224
Warning (10235): Verilog HDL Always Construct warning at pid.v(224): variable "multiplier" is read inside the Always Construct but isn't in the Always Construct's Event Control File: D:/intelFPGA_lite/Projects/controller/pid.v Line: 224
Info (278001): Inferred 4 megafunctions from design logic
    Info (278003): Inferred multiplier megafunction ("lpm_mult") from the following logic: "qmult:u2|Mult0" File: D:/intelFPGA_lite/Projects/controller/pid.v Line: 217
    Info (278002): Inferred adder/subtractor megafunction ("lpm_add_sub") from the following logic: "qmult:u2|Add2" File: D:/intelFPGA_lite/Projects/controller/pid.v Line: 230
    Info (278003): Inferred multiplier megafunction ("lpm_mult") from the following logic: "qmult:u3|Mult0" File: D:/intelFPGA_lite/Projects/controller/pid.v Line: 217
    Info (278002): Inferred adder/subtractor megafunction ("lpm_add_sub") from the following logic: "qmult:u3|Add2" File: D:/intelFPGA_lite/Projects/controller/pid.v Line: 230
Info (12130): Elaborated megafunction instantiation "qmult:u2|lpm_mult:Mult0" File: D:/intelFPGA_lite/Projects/controller/pid.v Line: 217
Info (12133): Instantiated megafunction "qmult:u2|lpm_mult:Mult0" with the following parameter: File: D:/intelFPGA_lite/Projects/controller/pid.v Line: 217
    Info (12134): Parameter "LPM_WIDTHA" = "29"
    Info (12134): Parameter "LPM_WIDTHB" = "31"
    Info (12134): Parameter "LPM_WIDTHP" = "60"
    Info (12134): Parameter "LPM_WIDTHR" = "60"
    Info (12134): Parameter "LPM_WIDTHS" = "1"
    Info (12134): Parameter "LPM_REPRESENTATION" = "UNSIGNED"
    Info (12134): Parameter "INPUT_A_IS_CONSTANT" = "NO"
    Info (12134): Parameter "INPUT_B_IS_CONSTANT" = "NO"
    Info (12134): Parameter "MAXIMIZE_SPEED" = "5"
Info (12021): Found 1 design units, including 1 entities, in source file db/mult_8dt.tdf
    Info (12023): Found entity 1: mult_8dt File: D:/intelFPGA_lite/Projects/controller/db/mult_8dt.tdf Line: 31
Info (12130): Elaborated megafunction instantiation "qmult:u2|lpm_add_sub:Add2" File: D:/intelFPGA_lite/Projects/controller/pid.v Line: 230
Info (12133): Instantiated megafunction "qmult:u2|lpm_add_sub:Add2" with the following parameter: File: D:/intelFPGA_lite/Projects/controller/pid.v Line: 230
    Info (12134): Parameter "LPM_WIDTH" = "32"
    Info (12134): Parameter "LPM_DIRECTION" = "DEFAULT"
    Info (12134): Parameter "LPM_REPRESENTATION" = "UNSIGNED"
    Info (12134): Parameter "ONE_INPUT_IS_CONSTANT" = "NO"
Info (12021): Found 1 design units, including 1 entities, in source file db/add_sub_pvi.tdf
    Info (12023): Found entity 1: add_sub_pvi File: D:/intelFPGA_lite/Projects/controller/db/add_sub_pvi.tdf Line: 23
Info (12130): Elaborated megafunction instantiation "qmult:u3|lpm_mult:Mult0" File: D:/intelFPGA_lite/Projects/controller/pid.v Line: 217
Info (12133): Instantiated megafunction "qmult:u3|lpm_mult:Mult0" with the following parameter: File: D:/intelFPGA_lite/Projects/controller/pid.v Line: 217
    Info (12134): Parameter "LPM_WIDTHA" = "29"
    Info (12134): Parameter "LPM_WIDTHB" = "31"
    Info (12134): Parameter "LPM_WIDTHP" = "60"
    Info (12134): Parameter "LPM_WIDTHR" = "60"
    Info (12134): Parameter "LPM_WIDTHS" = "1"
    Info (12134): Parameter "LPM_REPRESENTATION" = "UNSIGNED"
    Info (12134): Parameter "INPUT_A_IS_CONSTANT" = "YES"
    Info (12134): Parameter "INPUT_B_IS_CONSTANT" = "NO"
    Info (12134): Parameter "MAXIMIZE_SPEED" = "5"
Info (12021): Found 1 design units, including 1 entities, in source file db/mult_sgt.tdf
    Info (12023): Found entity 1: mult_sgt File: D:/intelFPGA_lite/Projects/controller/db/mult_sgt.tdf Line: 31
Info (13014): Ignored 392 buffer(s)
    Info (13019): Ignored 392 SOFT buffer(s)
Warning (13024): Output pins are stuck at VCC or GND
    Warning (13410): Pin "vc[31]" is stuck at GND File: D:/intelFPGA_lite/Projects/controller/pid.v Line: 132
Info (286030): Timing-Driven Synthesis is running
Info (144001): Generated suppressed messages file D:/intelFPGA_lite/Projects/controller/output_files/pid.map.smsg
Info (16010): Generating hard_block partition "hard_block:auto_generated_inst"
    Info (16011): Adding 0 node(s), including 0 DDIO, 0 PLL, 0 transceiver and 0 LCELL
Info (21057): Implemented 569 device resources after synthesis - the final resource count might be different
    Info (21058): Implemented 66 input pins
    Info (21059): Implemented 32 output pins
    Info (21061): Implemented 455 logic cells
    Info (21062): Implemented 16 DSP elements
Info: Quartus Prime Analysis & Synthesis was successful. 0 errors, 6 warnings
    Info: Peak virtual memory: 4775 megabytes
    Info: Processing ended: Wed Apr 29 11:21:30 2020
    Info: Elapsed time: 00:00:19
    Info: Total CPU time (on all processors): 00:00:30


+------------------------------------------+
; Analysis & Synthesis Suppressed Messages ;
+------------------------------------------+
The suppressed messages can be found in D:/intelFPGA_lite/Projects/controller/output_files/pid.map.smsg.


