------------------------------------------------------------
Timing Analyzer Summary
------------------------------------------------------------

Type  : Slow 1100mV 85C Model Setup 'clk'
Slack : -4.036
TNS   : -196.510

Type  : Slow 1100mV 85C Model Hold 'clk'
Slack : 0.501
TNS   : 0.000

Type  : Slow 1100mV 85C Model Minimum Pulse Width 'clk'
Slack : -0.724
TNS   : -95.824

Type  : Slow 1100mV 0C Model Setup 'clk'
Slack : -4.133
TNS   : -184.435

Type  : Slow 1100mV 0C Model Hold 'clk'
Slack : 0.518
TNS   : 0.000

Type  : Slow 1100mV 0C Model Minimum Pulse Width 'clk'
Slack : -0.724
TNS   : -95.701

Type  : Fast 1100mV 85C Model Setup 'clk'
Slack : -1.365
TNS   : -30.666

Type  : Fast 1100mV 85C Model Hold 'clk'
Slack : 0.195
TNS   : 0.000

Type  : Fast 1100mV 85C Model Minimum Pulse Width 'clk'
Slack : -0.089
TNS   : -7.263

Type  : Fast 1100mV 0C Model Setup 'clk'
Slack : -1.189
TNS   : -22.496

Type  : Fast 1100mV 0C Model Hold 'clk'
Slack : 0.187
TNS   : 0.000

Type  : Fast 1100mV 0C Model Minimum Pulse Width 'clk'
Slack : -0.089
TNS   : -7.325

------------------------------------------------------------
